// Jest Snapshot v1, https://goo.gl/fbAQLP

exports[`<ScanScreen /> matches snapshot with permission denied 1`] = `
[
  <Text
    className="mb-4 text-center text-lg text-corp-grey"
  >
    noCameraPermission
  </Text>,
  <View
    accessibilityState={
      {
        "busy": undefined,
        "checked": undefined,
        "disabled": false,
        "expanded": undefined,
        "selected": undefined,
      }
    }
    accessibilityValue={
      {
        "max": undefined,
        "min": undefined,
        "now": undefined,
        "text": undefined,
      }
    }
    accessible={true}
    className="flex-row items-center justify-center rounded-lg px-4 py-3 bg-corp-dark-teal  opacity-100 "
    collapsable={false}
    focusable={true}
    onBlur={[Function]}
    onClick={[Function]}
    onFocus={[Function]}
    onResponderGrant={[Function]}
    onResponderMove={[Function]}
    onResponderRelease={[Function]}
    onResponderTerminate={[Function]}
    onResponderTerminationRequest={[Function]}
    onStartShouldSetResponder={[Function]}
    style={
      [
        undefined,
        null,
      ]
    }
  >
    <Text
      className=" font-semibold text-corp-white"
      style={
        [
          undefined,
        ]
      }
    >
      goBack
    </Text>
  </View>,
]
`;
