// Jest Snapshot v1, https://goo.gl/fbAQLP

exports[`<SettingsScreen /> matches snapshot 1`] = `
<RCTScrollView
  className="flex-1 bg-corp-white"
  contentContainerStyle={
    {
      "paddingBottom": 40,
      "paddingHorizontal": 24,
      "paddingTop": 16,
    }
  }
  contentInsetAdjustmentBehavior="automatic"
>
  <View>
    <View
      className="mb-8"
    >
      <Text
        className="mb-3 text-sm font-medium uppercase tracking-wide text-corp-grey"
      >
        exportData
      </Text>
      <View
        className="overflow-hidden rounded-3xl border border-corp-mid-grey bg-corp-white"
      >
        <View
          accessibilityState={
            {
              "busy": undefined,
              "checked": undefined,
              "disabled": undefined,
              "expanded": undefined,
              "selected": undefined,
            }
          }
          accessibilityValue={
            {
              "max": undefined,
              "min": undefined,
              "now": undefined,
              "text": undefined,
            }
          }
          accessible={true}
          className="flex-row items-center px-4 py-4"
          collapsable={false}
          focusable={true}
          onBlur={[Function]}
          onClick={[Function]}
          onFocus={[Function]}
          onResponderGrant={[Function]}
          onResponderMove={[Function]}
          onResponderRelease={[Function]}
          onResponderTerminate={[Function]}
          onResponderTerminationRequest={[Function]}
          onStartShouldSetResponder={[Function]}
          style={null}
        >
          <View
            className="mr-3 h-10 w-10 items-center justify-center rounded-full bg-corp-light-grey"
          >
            Icon
          </View>
          <View
            className="flex-1"
          >
            <Text
              className="font-semibold text-corp-grey"
            >
              exportAllJson
            </Text>
            <Text
              className="mt-1 text-sm text-corp-grey"
            >
              JavaScript Object Notation
            </Text>
          </View>
          Icon
        </View>
        <View
          className="border-b border-corp-light-grey"
        />
        <View
          accessibilityState={
            {
              "busy": undefined,
              "checked": undefined,
              "disabled": undefined,
              "expanded": undefined,
              "selected": undefined,
            }
          }
          accessibilityValue={
            {
              "max": undefined,
              "min": undefined,
              "now": undefined,
              "text": undefined,
            }
          }
          accessible={true}
          className="flex-row items-center px-4 py-4"
          collapsable={false}
          focusable={true}
          onBlur={[Function]}
          onClick={[Function]}
          onFocus={[Function]}
          onResponderGrant={[Function]}
          onResponderMove={[Function]}
          onResponderRelease={[Function]}
          onResponderTerminate={[Function]}
          onResponderTerminationRequest={[Function]}
          onStartShouldSetResponder={[Function]}
          style={null}
        >
          <View
            className="mr-3 h-10 w-10 items-center justify-center rounded-full bg-corp-light-grey"
          >
            Icon
          </View>
          <View
            className="flex-1"
          >
            <Text
              className="font-semibold text-corp-grey"
            >
              exportAllCsv
            </Text>
            <Text
              className="mt-1 text-sm text-corp-grey"
            >
              Comma-separated values
            </Text>
          </View>
          Icon
        </View>
      </View>
    </View>
    <View
      className="mb-8"
    >
      <Text
        className="mb-3 text-sm font-medium uppercase tracking-wide text-corp-grey"
      >
        appSettings
      </Text>
      <View
        className="overflow-hidden rounded-3xl border border-corp-mid-grey bg-corp-white"
      >
        <View
          accessibilityState={
            {
              "busy": undefined,
              "checked": undefined,
              "disabled": undefined,
              "expanded": undefined,
              "selected": undefined,
            }
          }
          accessibilityValue={
            {
              "max": undefined,
              "min": undefined,
              "now": undefined,
              "text": undefined,
            }
          }
          accessible={true}
          className="flex-row items-center px-4 py-4"
          collapsable={false}
          focusable={true}
          onBlur={[Function]}
          onClick={[Function]}
          onFocus={[Function]}
          onResponderGrant={[Function]}
          onResponderMove={[Function]}
          onResponderRelease={[Function]}
          onResponderTerminate={[Function]}
          onResponderTerminationRequest={[Function]}
          onStartShouldSetResponder={[Function]}
          style={null}
        >
          <View
            className="mr-3 h-10 w-10 items-center justify-center rounded-full bg-corp-light-grey"
          >
            Icon
          </View>
          <View
            className="flex-1"
          >
            <Text
              className="font-semibold text-corp-grey"
            >
              importFromFile
            </Text>
            <Text
              className="mt-1 text-sm text-corp-grey"
            >
              supportedFormats
            </Text>
          </View>
          Icon
        </View>
        <View
          className="border-b border-corp-light-grey"
        />
        <View
          accessibilityState={
            {
              "busy": undefined,
              "checked": undefined,
              "disabled": undefined,
              "expanded": undefined,
              "selected": undefined,
            }
          }
          accessibilityValue={
            {
              "max": undefined,
              "min": undefined,
              "now": undefined,
              "text": undefined,
            }
          }
          accessible={true}
          className="flex-row items-center px-4 py-4"
          collapsable={false}
          focusable={true}
          onBlur={[Function]}
          onClick={[Function]}
          onFocus={[Function]}
          onResponderGrant={[Function]}
          onResponderMove={[Function]}
          onResponderRelease={[Function]}
          onResponderTerminate={[Function]}
          onResponderTerminationRequest={[Function]}
          onStartShouldSetResponder={[Function]}
          style={null}
        >
          <View
            className="mr-3 h-10 w-10 items-center justify-center rounded-full bg-corp-light-grey"
          >
            Icon
          </View>
          <View
            className="flex-1"
          >
            <Text
              className="font-semibold text-corp-grey"
            >
              settings.viewOnboarding
            </Text>
            <Text
              className="mt-1 text-sm text-corp-grey"
            >
              about
            </Text>
          </View>
          Icon
        </View>
      </View>
    </View>
    <View>
      <Text
        className="mb-3 text-sm font-medium uppercase tracking-wide text-corp-grey"
      >
        dangerZone
      </Text>
      <View
        className="overflow-hidden rounded-3xl border border-corp-red bg-corp-white"
      >
        <View
          accessibilityState={
            {
              "busy": undefined,
              "checked": undefined,
              "disabled": undefined,
              "expanded": undefined,
              "selected": undefined,
            }
          }
          accessibilityValue={
            {
              "max": undefined,
              "min": undefined,
              "now": undefined,
              "text": undefined,
            }
          }
          accessible={true}
          className="flex-row items-center px-4 py-4"
          collapsable={false}
          focusable={true}
          onBlur={[Function]}
          onClick={[Function]}
          onFocus={[Function]}
          onResponderGrant={[Function]}
          onResponderMove={[Function]}
          onResponderRelease={[Function]}
          onResponderTerminate={[Function]}
          onResponderTerminationRequest={[Function]}
          onStartShouldSetResponder={[Function]}
          style={null}
        >
          <View
            className="mr-3 h-10 w-10 items-center justify-center rounded-full bg-corp-red"
          >
            Icon
          </View>
          <View
            className="flex-1"
          >
            <Text
              className="font-semibold text-corp-dark-red"
            >
              deleteAllQRCodes
            </Text>
            <Text
              className="mt-1 text-sm text-corp-grey"
            >
              deleteAllConfirmMessage
            </Text>
          </View>
          Icon
        </View>
      </View>
    </View>
  </View>
</RCTScrollView>
`;
