// Jest Snapshot v1, https://goo.gl/fbAQLP

exports[`<SettingsScreen /> matches snapshot 1`] = `
<View
  className="flex-1 bg-corp-white px-6 py-4"
>
  <View
    className="mb-8"
    entering={{}}
  >
    <Text
      className="mb-4 text-lg font-medium text-corp-grey"
    >
      exportData
    </Text>
    <View
      className="flex-row justify-between"
    >
      <View
        accessibilityState={
          {
            "busy": undefined,
            "checked": undefined,
            "disabled": undefined,
            "expanded": undefined,
            "selected": undefined,
          }
        }
        accessibilityValue={
          {
            "max": undefined,
            "min": undefined,
            "now": undefined,
            "text": undefined,
          }
        }
        accessible={true}
        collapsable={false}
        focusable={true}
        onClick={[Function]}
        onResponderGrant={[Function]}
        onResponderMove={[Function]}
        onResponderRelease={[Function]}
        onResponderTerminate={[Function]}
        onResponderTerminationRequest={[Function]}
        onStartShouldSetResponder={[Function]}
        style={
          {
            "opacity": 1,
          }
        }
      >
        Icon
        <Text
          className="mt-2 text-center font-medium text-white"
        >
          exportAllJson
        </Text>
      </View>
      <View
        accessibilityState={
          {
            "busy": undefined,
            "checked": undefined,
            "disabled": undefined,
            "expanded": undefined,
            "selected": undefined,
          }
        }
        accessibilityValue={
          {
            "max": undefined,
            "min": undefined,
            "now": undefined,
            "text": undefined,
          }
        }
        accessible={true}
        collapsable={false}
        focusable={true}
        onClick={[Function]}
        onResponderGrant={[Function]}
        onResponderMove={[Function]}
        onResponderRelease={[Function]}
        onResponderTerminate={[Function]}
        onResponderTerminationRequest={[Function]}
        onStartShouldSetResponder={[Function]}
        style={
          {
            "opacity": 1,
          }
        }
      >
        Icon
        <Text
          className="mt-2 text-center font-medium text-white"
        >
          exportAllCsv
        </Text>
      </View>
    </View>
  </View>
  <View
    className="mb-8"
    entering={{}}
  >
    <Text
      className="mb-4 text-lg font-medium text-corp-grey"
    >
      importData
    </Text>
    <View
      accessibilityState={
        {
          "busy": undefined,
          "checked": undefined,
          "disabled": undefined,
          "expanded": undefined,
          "selected": undefined,
        }
      }
      accessibilityValue={
        {
          "max": undefined,
          "min": undefined,
          "now": undefined,
          "text": undefined,
        }
      }
      accessible={true}
      collapsable={false}
      focusable={true}
      onClick={[Function]}
      onResponderGrant={[Function]}
      onResponderMove={[Function]}
      onResponderRelease={[Function]}
      onResponderTerminate={[Function]}
      onResponderTerminationRequest={[Function]}
      onStartShouldSetResponder={[Function]}
      style={
        {
          "opacity": 1,
        }
      }
    >
      Icon
      <Text
        className="mt-2 text-center font-medium text-corp-purple"
      >
        importFromFile
      </Text>
      <Text
        className="mt-1 text-center text-xs text-corp-purple/80"
      >
        supportedFormats
      </Text>
    </View>
  </View>
  <View
    className="mb-8"
    entering={{}}
  >
    <Text
      className="mb-4 text-lg font-medium text-corp-grey"
    >
      onboarding
    </Text>
    <View
      accessibilityState={
        {
          "busy": undefined,
          "checked": undefined,
          "disabled": undefined,
          "expanded": undefined,
          "selected": undefined,
        }
      }
      accessibilityValue={
        {
          "max": undefined,
          "min": undefined,
          "now": undefined,
          "text": undefined,
        }
      }
      accessible={true}
      collapsable={false}
      focusable={true}
      onClick={[Function]}
      onResponderGrant={[Function]}
      onResponderMove={[Function]}
      onResponderRelease={[Function]}
      onResponderTerminate={[Function]}
      onResponderTerminationRequest={[Function]}
      onStartShouldSetResponder={[Function]}
      style={
        {
          "opacity": 1,
        }
      }
    >
      Icon
      <Text
        className="mt-2 text-center font-medium text-corp-teal"
      >
        viewOnboarding
      </Text>
    </View>
  </View>
  <View
    className="mb-8"
    entering={{}}
  >
    <Text
      className="mb-4 text-lg font-medium text-corp-grey"
    >
      dangerZone
    </Text>
    <View
      accessibilityState={
        {
          "busy": undefined,
          "checked": undefined,
          "disabled": false,
          "expanded": undefined,
          "selected": undefined,
        }
      }
      accessibilityValue={
        {
          "max": undefined,
          "min": undefined,
          "now": undefined,
          "text": undefined,
        }
      }
      accessible={true}
      collapsable={false}
      focusable={true}
      onClick={[Function]}
      onResponderGrant={[Function]}
      onResponderMove={[Function]}
      onResponderRelease={[Function]}
      onResponderTerminate={[Function]}
      onResponderTerminationRequest={[Function]}
      onStartShouldSetResponder={[Function]}
      style={
        {
          "opacity": 1,
        }
      }
    >
      Icon
      <Text
        className="ml-2 font-semibold text-corp-white"
        style={
          [
            undefined,
          ]
        }
      >
        deleteAllQRCodes
      </Text>
    </View>
  </View>
</View>
`;
